2025-05-07 13:37:59 - INFO - Логирование настроено
2025-05-07 13:37:59 - INFO - Загружен последний выполненный скрипт: ubuntu
2025-05-07 13:37:59 - INFO - Приложение инициализировано
2025-05-07 13:37:59 - INFO - Стили применены
2025-05-07 13:37:59 - INFO - Обновление списка скриптов
2025-05-07 13:37:59 - INFO - Загружен последний выполненный скрипт: ubuntu
2025-05-07 13:37:59 - INFO - Найдено 6 скриптов
2025-05-07 13:37:59 - INFO - Список скриптов успешно обновлен
2025-05-07 13:37:59 - INFO - Главное окно отображено
2025-05-07 13:38:04 - INFO - Стили применены
2025-05-07 13:38:04 - INFO - Тема сохранена: light
2025-05-07 13:38:04 - INFO - Тема изменена на светлую
2025-05-07 13:38:10 - INFO - Логирование настроено
2025-05-07 13:38:10 - INFO - Загружен последний выполненный скрипт: ubuntu
2025-05-07 13:38:10 - INFO - Загружена тема: light
2025-05-07 13:38:10 - INFO - Приложение инициализировано
2025-05-07 13:38:11 - INFO - Стили применены
2025-05-07 13:38:11 - INFO - Обновление списка скриптов
2025-05-07 13:38:11 - INFO - Загружен последний выполненный скрипт: ubuntu
2025-05-07 13:38:11 - INFO - Найдено 6 скриптов
2025-05-07 13:38:11 - INFO - Список скриптов успешно обновлен
2025-05-07 13:38:11 - INFO - Главное окно отображено
2025-05-07 13:38:24 - INFO - Стили применены
2025-05-07 13:38:24 - INFO - Тема сохранена: dark
2025-05-07 13:38:24 - INFO - Тема изменена на темную
2025-05-07 13:38:49 - INFO - Открытие окна журнала
2025-05-07 13:38:49 - INFO - Журнал загружен
2025-05-07 13:39:14 - INFO - Обновление списка скриптов
2025-05-07 13:39:14 - INFO - Загружен последний выполненный скрипт: ubuntu
2025-05-07 13:39:14 - INFO - Найдено 6 скриптов
2025-05-07 13:39:14 - INFO - Список скриптов успешно обновлен
2025-05-07 13:39:15 - INFO - Открытие окна журнала
2025-05-07 13:39:15 - INFO - Журнал загружен
